[syntec.net/indexde66.html]
[backblue.gif]
[fade.gif]
[index.html]
[syntec.net/package/early_js/c5bcb2b703c12cc31e5a643f3beafacd0fd83738d617fb5a9a2b524326bd2d5b/xfalse/early.js]
[syntec.net/GET]
[d1muf25xaso8hp.cloudfront.net/https_/s3.amazonaws.com/appforest_uf/f1613822951300x111464312039828210/Syntec_FinalTrans_2x_PNG8078.png]
[syntec.net/package/run_css/0561f9f0c3bebb63c0e3a32ffc4e223057249ce8296e9812d93d77789c818b1a/syntec-web/live/index/xfalse/xfalse/run.css]
[syntec.net/package/run_js/dff6dd40b7eb92e2b0687ed485f28a4891f53e970797407aadfc73032fb08007/xtrue/x12/run.js]
[syntec.net/package/static_js/7175604784daaf62ce55991d15a215e7b9dfed5fd2b76ae45264b4fa332b9531/syntec-web/live/index/xnull/xfalse/xfalse/xtrue/static.js]
[syntec.net/package/dynamic_js/a2d240551c12cbd3da8f09cad86b2d1a1b668f663c7d32669ff192111386ef53/syntec-web/live/index/xnull/xfalse/xtrue/en_us/xfalse/xfalse/dynamic.js]
[assets.ziggeo.com/v2-r37/ziggeo.css]
[assets.ziggeo.com/v2-r37/ziggeo.js]
[syntec.net/POST]
[syntec.net/indexde66.html]
[syntec.net/GET.html]
[syntec.net/static/fonts/fontawesome-webfont.eot]
[syntec.net/static/fonts/fontawesome-webfont.woff2]
[syntec.net/static/fonts/fontawesome-webfont.woff]
[syntec.net/static/fonts/fontawesome-webfont.ttf]
[syntec.net/package/run_css/0561f9f0c3bebb63c0e3a32ffc4e223057249ce8296e9812d93d77789c818b1a/syntec-web/live/index/xfalse/xfalse/run.css]
[syntec.net/static/fonts/fontawesome-webfont.svg]
[assets.ziggeo.com/v2-r37/ziggeo-ie8d41d.eot]
[assets.ziggeo.com/v2-r37/testing-watermark.png]
[assets.ziggeo.com/v2-r37/ziggeo.css]
[syntec.net/POST.html]
[syntec.net/static/fonts/fontawesome-webfont.svg]
